---
source: crates/biome_js_analyze/tests/spec_tests.rs
expression: valid.js
---
# Input
```jsx
const a = 1;
const userName = 'testUser';
const count = 10;
const nonSecret = "hello world"
const dbUrl = `postgres://user:${process.env.DB_PASSWORD}@example.com:5432/dbname`;

```
